 Fermi distribution function

Geometry optimization step: 5


********************************************************************************
 iSCC Total electronic   Diff electronic      SCC error    
   12   -0.44292798E+02   -0.94786401E-10    0.39880361E-05
********************************************************************************

Coordinates of moved atoms (au):
    1      7.50924036     -2.91149772      0.12218012
    2      5.36747397     -1.34753253      0.12209529
    3      5.54712228      1.34443101      0.12214527
    4      7.93885453      2.48082204      0.12230409
    5     10.07386305      0.92670982      0.12239850
    6      9.86473397     -1.72463775      0.12233291
    7      7.33693334     -4.97838341      0.12213728
    8      8.12696644      4.54627551      0.12235934
    9     11.96346145      1.78482021      0.12253011
   10     11.58823158     -2.87941652      0.12240990
   11      2.84598254     -2.01560557      0.12197856
   12      2.11849371     -3.82786439      0.12195139
   13      2.95132996      2.33634928      0.12204866
   14      2.17211209      4.57821922      0.12205154
   15     -2.84603238      2.01562208      0.12197856
   16     -2.95090693     -2.33637849      0.12204865
   17     -5.36740853      1.34739120      0.12209529
   18     -2.11852172      3.82787682      0.12195139
   19     -5.54693731     -1.34470227      0.12214527
   20     -2.17085216     -4.57783295      0.12205155
   21     -7.50923748      2.91147798      0.12218012
   22     -7.93879776     -2.48083958      0.12230409
   23     -9.86473152      1.72462782      0.12233291
   24     -7.33692862      4.97837759      0.12213728
   25    -10.07387887     -0.92668886      0.12239850
   26     -8.12698234     -4.54628154      0.12235934
   27    -11.58823365      2.87941792      0.12240990
   28    -11.96345758     -1.78482047      0.12253011
   29     -1.34566560     -0.08916943      0.12195444
   30      1.34566482      0.08923563      0.12195444

 Total charge:    -0.00000000

 Atomic gross charges (e)
 Atom           Charge
    1      -0.11622189
    2       0.07052851
    3      -0.09314237
    4      -0.04396909
    5      -0.08829040
    6      -0.07010505
    7       0.08271640
    8       0.08982810
    9       0.07610233
   10       0.07642986
   11      -0.03473529
   12       0.23234458
   13       0.31829439
   14      -0.47398549
   15      -0.03471778
   16       0.31835217
   17       0.07052402
   18       0.23233507
   19      -0.09318550
   20      -0.47398320
   21      -0.11623889
   22      -0.04396004
   23      -0.07008465
   24       0.08272377
   25      -0.08829993
   26       0.08981058
   27       0.07642798
   28       0.07611046
   29      -0.02580602
   30      -0.02580262

Nr. of electrons (up):     48.00000000
Atom populations (up)
 Atom       Population
    1       2.02627065
    2       1.99566640
    3       2.03069746
    4       2.03689526
    5       2.01639484
    6       2.06168780
    7       0.46033123
    8       0.45426844
    9       0.46341903
   10       0.46037664
   11       2.43483354
   12       0.38730940
   13       1.88524533
   14       3.26531172
   15       2.43482103
   16       1.88520511
   17       1.99567246
   18       0.38731444
   19       2.03071265
   20       3.26527111
   21       2.02626323
   22       2.03688870
   23       2.06167432
   24       0.46032838
   25       2.01638608
   26       0.45427731
   27       0.46037774
   28       0.46341566
   29       2.02131795
   30       2.02136608

l-shell populations (up)
 Atom Sh.   l       Population
    1   1   0       0.60556832
    1   2   1       1.42070233
    2   1   0       0.57719595
    2   2   1       1.41847045
    3   1   0       0.59622571
    3   2   1       1.43447175
    4   1   0       0.60838467
    4   2   1       1.42851059
    5   1   0       0.60689011
    5   2   1       1.40950473
    6   1   0       0.60854735
    6   2   1       1.45314046
    7   1   0       0.46033123
    8   1   0       0.45426844
    9   1   0       0.46341903
   10   1   0       0.46037664
   11   1   0       0.67962881
   11   2   1       1.75520473
   12   1   0       0.38730940
   13   1   0       0.55468446
   13   2   1       1.33056087
   14   1   0       0.88700785
   14   2   1       2.37830387
   15   1   0       0.67962349
   15   2   1       1.75519754
   16   1   0       0.55466885
   16   2   1       1.33053626
   17   1   0       0.57720894
   17   2   1       1.41846352
   18   1   0       0.38731444
   19   1   0       0.59624298
   19   2   1       1.43446967
   20   1   0       0.88699192
   20   2   1       2.37827919
   21   1   0       0.60557611
   21   2   1       1.42068713
   22   1   0       0.60838825
   22   2   1       1.42850045
   23   1   0       0.60854548
   23   2   1       1.45312883
   24   1   0       0.46032838
   25   1   0       0.60689166
   25   2   1       1.40949443
   26   1   0       0.45427731
   27   1   0       0.46037774
   28   1   0       0.46341566
   29   1   0       0.58781576
   29   2   1       1.43350219
   30   1   0       0.58782802
   30   2   1       1.43353806

Orbital populations (up)
 Atom Sh.   l   m       Population  Label
    1   1   0   0       0.60556832  s
    1   2   1  -1       0.46384287  p_y
    1   2   1   0       0.49750546  p_z
    1   2   1   1       0.45935399  p_x
    2   1   0   0       0.57719595  s
    2   2   1  -1       0.46907327  p_y
    2   2   1   0       0.53581372  p_z
    2   2   1   1       0.41358347  p_x
    3   1   0   0       0.59622571  s
    3   2   1  -1       0.46145573  p_y
    3   2   1   0       0.51865433  p_z
    3   2   1   1       0.45436169  p_x
    4   1   0   0       0.60838467  s
    4   2   1  -1       0.47272120  p_y
    4   2   1   0       0.49861563  p_z
    4   2   1   1       0.45717376  p_x
    5   1   0   0       0.60689011  s
    5   2   1  -1       0.45736426  p_y
    5   2   1   0       0.48453121  p_z
    5   2   1   1       0.46760926  p_x
    6   1   0   0       0.60854735  s
    6   2   1  -1       0.46348441  p_y
    6   2   1   0       0.52391689  p_z
    6   2   1   1       0.46573916  p_x
    7   1   0   0       0.46033123  s
    8   1   0   0       0.45426844  s
    9   1   0   0       0.46341903  s
   10   1   0   0       0.46037664  s
   11   1   0   0       0.67962881  s
   11   2   1  -1       0.54064890  p_y
   11   2   1   0       0.67512424  p_z
   11   2   1   1       0.53943159  p_x
   12   1   0   0       0.38730940  s
   13   1   0   0       0.55468446  s
   13   2   1  -1       0.39645912  p_y
   13   2   1   0       0.49492887  p_z
   13   2   1   1       0.43917288  p_x
   14   1   0   0       0.88700785  s
   14   2   1  -1       0.72243986  p_y
   14   2   1   0       0.72780912  p_z
   14   2   1   1       0.92805488  p_x
   15   1   0   0       0.67962349  s
   15   2   1  -1       0.54064346  p_y
   15   2   1   0       0.67511671  p_z
   15   2   1   1       0.53943737  p_x
   16   1   0   0       0.55466885  s
   16   2   1  -1       0.39647719  p_y
   16   2   1   0       0.49490049  p_z
   16   2   1   1       0.43915857  p_x
   17   1   0   0       0.57720894  s
   17   2   1  -1       0.46906545  p_y
   17   2   1   0       0.53581093  p_z
   17   2   1   1       0.41358715  p_x
   18   1   0   0       0.38731444  s
   19   1   0   0       0.59624298  s
   19   2   1  -1       0.46145387  p_y
   19   2   1   0       0.51866573  p_z
   19   2   1   1       0.45435007  p_x
   20   1   0   0       0.88699192  s
   20   2   1  -1       0.72254082  p_y
   20   2   1   0       0.72777652  p_z
   20   2   1   1       0.92796186  p_x
   21   1   0   0       0.60557611  s
   21   2   1  -1       0.46383818  p_y
   21   2   1   0       0.49749826  p_z
   21   2   1   1       0.45935068  p_x
   22   1   0   0       0.60838825  s
   22   2   1  -1       0.47272319  p_y
   22   2   1   0       0.49861291  p_z
   22   2   1   1       0.45716435  p_x
   23   1   0   0       0.60854548  s
   23   2   1  -1       0.46348556  p_y
   23   2   1   0       0.52390378  p_z
   23   2   1   1       0.46573949  p_x
   24   1   0   0       0.46032838  s
   25   1   0   0       0.60689166  s
   25   2   1  -1       0.45736345  p_y
   25   2   1   0       0.48452608  p_z
   25   2   1   1       0.46760490  p_x
   26   1   0   0       0.45427731  s
   27   1   0   0       0.46037774  s
   28   1   0   0       0.46341566  s
   29   1   0   0       0.58781576  s
   29   2   1  -1       0.45340319  p_y
   29   2   1   0       0.54312650  p_z
   29   2   1   1       0.43697250  p_x
   30   1   0   0       0.58782802  s
   30   2   1  -1       0.45340378  p_y
   30   2   1   0       0.54316263  p_z
   30   2   1   1       0.43697165  p_x

Nr. of electrons (down):     48.00000000
Atom populations (down)
 Atom       Population
    1       2.08995124
    2       1.93380509
    3       2.06244491
    4       2.00707383
    5       2.07189557
    6       2.00841725
    7       0.45695237
    8       0.45590346
    9       0.46047865
   10       0.46319349
   11       2.59990175
   12       0.38034602
   13       1.79646029
   14       3.20867377
   15       2.59989675
   16       1.79644272
   17       1.93380353
   18       0.38035049
   19       2.06247285
   20       3.20871209
   21       2.08997566
   22       2.00707133
   23       2.00841033
   24       0.45694785
   25       2.07191385
   26       0.45591211
   27       0.46319428
   28       0.46047388
   29       2.00448807
   30       2.00443654

l-shell populations (down)
 Atom Sh.   l       Population
    1   1   0       0.60927096
    1   2   1       1.48068028
    2   1   0       0.57252851
    2   2   1       1.36127658
    3   1   0       0.59925419
    3   2   1       1.46319072
    4   1   0       0.60627976
    4   2   1       1.40079407
    5   1   0       0.60996055
    5   2   1       1.46193501
    6   1   0       0.60515791
    6   2   1       1.40325934
    7   1   0       0.45695237
    8   1   0       0.45590346
    9   1   0       0.46047865
   10   1   0       0.46319349
   11   1   0       0.68536499
   11   2   1       1.91453676
   12   1   0       0.38034602
   13   1   0       0.55230638
   13   2   1       1.24415391
   14   1   0       0.88712771
   14   2   1       2.32154606
   15   1   0       0.68535918
   15   2   1       1.91453757
   16   1   0       0.55228941
   16   2   1       1.24415331
   17   1   0       0.57254064
   17   2   1       1.36126289
   18   1   0       0.38035049
   19   1   0       0.59927173
   19   2   1       1.46320112
   20   1   0       0.88711227
   20   2   1       2.32159982
   21   1   0       0.60928001
   21   2   1       1.48069565
   22   1   0       0.60628302
   22   2   1       1.40078831
   23   1   0       0.60515565
   23   2   1       1.40325468
   24   1   0       0.45694785
   25   1   0       0.60996303
   25   2   1       1.46195081
   26   1   0       0.45591211
   27   1   0       0.46319428
   28   1   0       0.46047388
   29   1   0       0.58693909
   29   2   1       1.41754898
   30   1   0       0.58694739
   30   2   1       1.41748915

Orbital populations (down)
 Atom Sh.   l   m       Population  Label
    1   1   0   0       0.60927096  s
    1   2   1  -1       0.46735546  p_y
    1   2   1   0       0.55011280  p_z
    1   2   1   1       0.46321202  p_x
    2   1   0   0       0.57252851  s
    2   2   1  -1       0.46523981  p_y
    2   2   1   0       0.48806389  p_z
    2   2   1   1       0.40797288  p_x
    3   1   0   0       0.59925419  s
    3   2   1  -1       0.46470547  p_y
    3   2   1   0       0.54103455  p_z
    3   2   1   1       0.45745070  p_x
    4   1   0   0       0.60627976  s
    4   2   1  -1       0.47083757  p_y
    4   2   1   0       0.47504973  p_z
    4   2   1   1       0.45490678  p_x
    5   1   0   0       0.60996055  s
    5   2   1  -1       0.46061882  p_y
    5   2   1   0       0.53081593  p_z
    5   2   1   1       0.47050026  p_x
    6   1   0   0       0.60515791  s
    6   2   1  -1       0.46009075  p_y
    6   2   1   0       0.48073977  p_z
    6   2   1   1       0.46242882  p_x
    7   1   0   0       0.45695237  s
    8   1   0   0       0.45590346  s
    9   1   0   0       0.46047865  s
   10   1   0   0       0.46319349  s
   11   1   0   0       0.68536499  s
   11   2   1  -1       0.54754312  p_y
   11   2   1   0       0.82039386  p_z
   11   2   1   1       0.54659977  p_x
   12   1   0   0       0.38034602  s
   13   1   0   0       0.55230638  s
   13   2   1  -1       0.39517010  p_y
   13   2   1   0       0.41316131  p_z
   13   2   1   1       0.43582250  p_x
   14   1   0   0       0.88712771  s
   14   2   1  -1       0.72266614  p_y
   14   2   1   0       0.67102711  p_z
   14   2   1   1       0.92785282  p_x
   15   1   0   0       0.68535918  s
   15   2   1  -1       0.54753691  p_y
   15   2   1   0       0.82039599  p_z
   15   2   1   1       0.54660467  p_x
   16   1   0   0       0.55228941  s
   16   2   1  -1       0.39518633  p_y
   16   2   1   0       0.41315956  p_z
   16   2   1   1       0.43580742  p_x
   17   1   0   0       0.57254064  s
   17   2   1  -1       0.46523088  p_y
   17   2   1   0       0.48805600  p_z
   17   2   1   1       0.40797600  p_x
   18   1   0   0       0.38035049  s
   19   1   0   0       0.59927173  s
   19   2   1  -1       0.46470442  p_y
   19   2   1   0       0.54105756  p_z
   19   2   1   1       0.45743914  p_x
   20   1   0   0       0.88711227  s
   20   2   1  -1       0.72276815  p_y
   20   2   1   0       0.67107153  p_z
   20   2   1   1       0.92776014  p_x
   21   1   0   0       0.60928001  s
   21   2   1  -1       0.46735233  p_y
   21   2   1   0       0.55013339  p_z
   21   2   1   1       0.46320994  p_x
   22   1   0   0       0.60628302  s
   22   2   1  -1       0.47083940  p_y
   22   2   1   0       0.47505197  p_z
   22   2   1   1       0.45489694  p_x
   23   1   0   0       0.60515565  s
   23   2   1  -1       0.46009151  p_y
   23   2   1   0       0.48073427  p_z
   23   2   1   1       0.46242891  p_x
   24   1   0   0       0.45694785  s
   25   1   0   0       0.60996303  s
   25   2   1  -1       0.46061878  p_y
   25   2   1   0       0.53083495  p_z
   25   2   1   1       0.47049709  p_x
   26   1   0   0       0.45591211  s
   27   1   0   0       0.46319428  s
   28   1   0   0       0.46047388  s
   29   1   0   0       0.58693909  s
   29   2   1  -1       0.45170767  p_y
   29   2   1   0       0.52957898  p_z
   29   2   1   1       0.43626234  p_x
   30   1   0   0       0.58694739  s
   30   2   1  -1       0.45170565  p_y
   30   2   1   0       0.52952685  p_z
   30   2   1   1       0.43625665  p_x

Spin  up
Fermi level:                        -0.1628196311 H           -4.4305 eV
Band energy:                       -21.4726106557 H         -584.2995 eV
TS:                                  0.0000000000 H            0.0000 eV
Band free energy (E-TS):           -21.4726106557 H         -584.2995 eV
Extrapolated E(0K):                -21.4726106557 H         -584.2995 eV
Input / Output electrons (up):     47.9999989605     48.0000000000

Spin  down
Fermi level:                        -0.1629530293 H           -4.4342 eV
Band energy:                       -21.6698576764 H         -589.6668 eV
TS:                                  0.0000000000 H            0.0000 eV
Band free energy (E-TS):           -21.6698576764 H         -589.6668 eV
Extrapolated E(0K):                -21.6698576764 H         -589.6668 eV
Input / Output electrons (down):     48.0000010395     48.0000000000

Energy H0:                         -44.3453673724 H        -1206.6988 eV
Energy SCC:                          0.0539219024 H            1.4673 eV
Energy SPIN:                        -0.0013528033 H           -0.0368 eV
Total Electronic energy:           -44.2927982732 H        -1205.2684 eV
Repulsive energy:                    1.6515755057 H           44.9417 eV
Total energy:                      -42.6412227675 H        -1160.3267 eV
Extrapolated to 0:                 -42.6412227675 H        -1160.3267 eV
Total Mermin free energy:          -42.6412227675 H        -1160.3267 eV
Force related energy:              -42.6412227675 H        -1160.3267 eV

SCC converged

Full geometry written in deltaDFTBindigo.{xyz|gen}

Dipole moment:   -0.00045635   -0.00020137   -0.00000531 au
Dipole moment:   -0.00115992   -0.00051184   -0.00001349 Debye

Geometry converged

